[ {
  "fid" : 762997,
  "time" : "2025-03-12T15:07:00Z",
  "pin" : 1
}, {
  "fid" : 762970,
  "time" : "2025-03-12T15:07:00Z",
  "pin" : 1
}, {
  "fid" : 763017,
  "time" : "2025-03-12T16:46:00Z",
  "pin" : 2
}, {
  "fid" : 763028,
  "time" : "2025-03-12T16:46:00Z",
  "pin" : 2
}, {
  "fid" : 763054,
  "time" : "2025-03-12T18:28:00Z",
  "pin" : 1
}, {
  "fid" : 763038,
  "time" : "2025-03-12T18:28:00Z",
  "pin" : 1
} ]