[ {
  "fid" : 762698,
  "time" : "2025-03-12T01:34:00Z",
  "pin" : 1
}, {
  "fid" : 762695,
  "time" : "2025-03-12T01:34:00Z",
  "pin" : 1
}, {
  "fid" : 762703,
  "time" : "2025-03-12T03:16:00Z",
  "pin" : 1
}, {
  "fid" : 762714,
  "time" : "2025-03-12T03:16:00Z",
  "pin" : 1
}, {
  "fid" : 762750,
  "time" : "2025-03-12T05:01:00Z",
  "pin" : 1
}, {
  "fid" : 762768,
  "time" : "2025-03-12T05:01:00Z",
  "pin" : 1
}, {
  "fid" : 763017,
  "time" : "2025-03-12T16:46:00Z",
  "pin" : 1
}, {
  "fid" : 763028,
  "time" : "2025-03-12T16:46:00Z",
  "pin" : 1
}, {
  "fid" : 763038,
  "time" : "2025-03-12T18:28:00Z",
  "pin" : 1
}, {
  "fid" : 763054,
  "time" : "2025-03-12T18:28:00Z",
  "pin" : 1
} ]