[ {
  "fid" : 31405584,
  "testtime" : "2025-03-12T15:00:00Z",
  "pin" : 1
}, {
  "fid" : 31405727,
  "testtime" : "2025-03-12T15:00:00Z",
  "pin" : 1
}, {
  "fid" : 31404597,
  "testtime" : "2025-03-12T15:30:00Z",
  "pin" : 1
}, {
  "fid" : 31404616,
  "testtime" : "2025-03-12T15:30:00Z",
  "pin" : 1
}, {
  "fid" : 31407685,
  "testtime" : "2025-03-12T16:00:00Z",
  "pin" : 1
}, {
  "fid" : 31407448,
  "testtime" : "2025-03-12T16:00:00Z",
  "pin" : 1
}, {
  "fid" : 31408977,
  "testtime" : "2025-03-12T16:30:00Z",
  "pin" : 2
}, {
  "fid" : 31409478,
  "testtime" : "2025-03-12T16:30:00Z",
  "pin" : 2
}, {
  "fid" : 31411238,
  "testtime" : "2025-03-12T17:00:00Z",
  "pin" : 2
}, {
  "fid" : 31410691,
  "testtime" : "2025-03-12T17:00:00Z",
  "pin" : 2
}, {
  "fid" : 31412710,
  "testtime" : "2025-03-12T17:30:00Z",
  "pin" : 1
}, {
  "fid" : 31413119,
  "testtime" : "2025-03-12T17:30:00Z",
  "pin" : 1
}, {
  "fid" : 31414377,
  "testtime" : "2025-03-12T18:00:00Z",
  "pin" : 1
}, {
  "fid" : 31414201,
  "testtime" : "2025-03-12T18:00:00Z",
  "pin" : 1
}, {
  "fid" : 31415791,
  "testtime" : "2025-03-12T18:30:00Z",
  "pin" : 1
}, {
  "fid" : 31415814,
  "testtime" : "2025-03-12T18:30:00Z",
  "pin" : 1
} ]